// Jest Snapshot v1, https://goo.gl/fbAQLP

exports[`App should render correctly 1`] = `
<Fragment>
  <ShoppingProvider>
    <Header />
    <ShoppingCart />
    <Shelf />
  </ShoppingProvider>
</Fragment>
`;
